skips unmarked strings

<p class="one two">
  <span>lorem ipsum&nbsp;dolor</span>
</p>
